C:\Users\Mustafa.Najim\Desktop\HRManagment_System\HR.Application\Attendance\ZKPython\Fingerprints\Queries\GetUserFingerprintsQueryHandler.cs(32,39): error CS1061: 'IFingerprintRepository' does not contain a definition for 'GetHRsByUserIdAsync' and no accessible extension method 'GetHRsByUserIdAsync' accepting a first argument of type 'IFingerprintRepository' could be found (are you missing a using directive or an assembly reference?) [C:\Users\Mustafa.Najim\Desktop\HRManagment_System\HR.Application\HR.Application.csproj]
C:\Users\Mustafa.Najim\Desktop\HRManagment_System\HR.Application\Attendance\ZKPython\Fingerprints\Queries\GetFingerprintsCountQueryHandler.cs(24,36): error CS1061: 'IFingerprintRepository' does not contain a definition for 'GetCountAsync' and no accessible extension method 'GetCountAsync' accepting a first argument of type 'IFingerprintRepository' could be found (are you missing a using directive or an assembly reference?) [C:\Users\Mustafa.Najim\Desktop\HRManagment_System\HR.Application\HR.Application.csproj]
C:\Users\Mustafa.Najim\Desktop\HRManagment_System\HR.Application\Attendance\ZKPython\Fingerprints\Queries\GetAllFingerprintsQueryHandler.cs(32,39): error CS1061: 'IFingerprintRepository' does not contain a definition for 'GetAllHRsAsync' and no accessible extension method 'GetAllHRsAsync' accepting a first argument of type 'IFingerprintRepository' could be found (are you missing a using directive or an assembly reference?) [C:\Users\Mustafa.Najim\Desktop\HRManagment_System\HR.Application\HR.Application.csproj]
C:\Users\Mustafa.Najim\Desktop\HRManagment_System\HR.Application\Attendance\ZKPython\Devices\Queries\GetAllDevicesQuery.cs(31,62): error CS0103: The name 'CacheKeys' does not exist in the current context [C:\Users\Mustafa.Najim\Desktop\HRManagment_System\HR.Application\HR.Application.csproj]
C:\Users\Mustafa.Najim\Desktop\HRManagment_System\HR.Application\Attendance\ZKPython\Devices\Queries\GetAllDevicesQuery.cs(36,35): error CS0103: The name 'CacheKeys' does not exist in the current context [C:\Users\Mustafa.Najim\Desktop\HRManagment_System\HR.Application\HR.Application.csproj]
C:\Users\Mustafa.Najim\Desktop\HRManagment_System\HR.Application\Attendance\ZKPython\Departments\Queries\GetDepartmentsQuery.cs(46,76): error CS0234: The type or namespace name 'Models' does not exist in the namespace 'HR.Domain' (are you missing an assembly reference?) [C:\Users\Mustafa.Najim\Desktop\HRManagment_System\HR.Application\HR.Application.csproj]
C:\Users\Mustafa.Najim\Desktop\HRManagment_System\HR.Application\Attendance\ZKPython\Departments\Queries\GetDepartmentsQuery.cs(46,97): error CS1950: The best overloaded Add method 'List<Models.Department>.Add(Models.Department)' for the collection initializer has some invalid arguments [C:\Users\Mustafa.Najim\Desktop\HRManagment_System\HR.Application\HR.Application.csproj]
C:\Users\Mustafa.Najim\Desktop\HRManagment_System\HR.Application\Attendance\ZKPython\Departments\Queries\GetDepartmentsQuery.cs(46,97): error CS1503: Argument 1: cannot convert from 'HR.Domain.Entities.Department' to 'HR.Domain.Models.Department' [C:\Users\Mustafa.Najim\Desktop\HRManagment_System\HR.Application\HR.Application.csproj]
C:\Users\Mustafa.Najim\Desktop\HRManagment_System\HR.Application\Attendance\ZKPython\Departments\Commands\CreateDepartmentCommand.cs(46,42): error CS0103: The name 'CacheKeys' does not exist in the current context [C:\Users\Mustafa.Najim\Desktop\HRManagment_System\HR.Application\HR.Application.csproj]
C:\Users\Mustafa.Najim\Desktop\HRManagment_System\HR.Application\Attendance\ZKPython\Departments\Commands\CreateDepartmentCommand.cs(55,25): error CS0266: Cannot implicitly convert type 'System.DateTime?' to 'System.DateTime'. An explicit conversion exists (are you missing a cast?) [C:\Users\Mustafa.Najim\Desktop\HRManagment_System\HR.Application\HR.Application.csproj]
C:\Users\Mustafa.Najim\Desktop\HRManagment_System\HR.Application\Attendance\ZKPython\Departments\Queries\GetDepartmentsQuery.cs(65,25): error CS0266: Cannot implicitly convert type 'System.DateTime?' to 'System.DateTime'. An explicit conversion exists (are you missing a cast?) [C:\Users\Mustafa.Najim\Desktop\HRManagment_System\HR.Application\HR.Application.csproj]
C:\Users\Mustafa.Najim\Desktop\HRManagment_System\HR.Application\Attendance\ZKPython\Departments\Commands\DeleteDepartmentCommand.cs(44,42): error CS0103: The name 'CacheKeys' does not exist in the current context [C:\Users\Mustafa.Najim\Desktop\HRManagment_System\HR.Application\HR.Application.csproj]
C:\Users\Mustafa.Najim\Desktop\HRManagment_System\HR.Application\Attendance\ZKPython\Departments\Commands\UpdateDepartmentCommand.cs(47,42): error CS0103: The name 'CacheKeys' does not exist in the current context [C:\Users\Mustafa.Najim\Desktop\HRManagment_System\HR.Application\HR.Application.csproj]
C:\Users\Mustafa.Najim\Desktop\HRManagment_System\HR.Application\Attendance\ZKPython\Departments\Commands\UpdateDepartmentCommand.cs(56,25): error CS0266: Cannot implicitly convert type 'System.DateTime?' to 'System.DateTime'. An explicit conversion exists (are you missing a cast?) [C:\Users\Mustafa.Najim\Desktop\HRManagment_System\HR.Application\HR.Application.csproj]
C:\Users\Mustafa.Najim\Desktop\HRManagment_System\HR.Application\Attendance\ZKPython\Leaves\Queries\GetPendingManagerApprovalsQueryHandler.cs(43,24): error CS1061: 'LeaveRequest' does not contain a definition for 'EmployeeId' and no accessible extension method 'EmployeeId' accepting a first argument of type 'LeaveRequest' could be found (are you missing a using directive or an assembly reference?) [C:\Users\Mustafa.Najim\Desktop\HRManagment_System\HR.Application\HR.Application.csproj]
C:\Users\Mustafa.Najim\Desktop\HRManagment_System\HR.Application\Attendance\ZKPython\Leaves\Queries\GetPendingManagerApprovalsQueryHandler.cs(44,24): error CS1061: 'LeaveRequest' does not contain a definition for 'Employee' and no accessible extension method 'Employee' accepting a first argument of type 'LeaveRequest' could be found (are you missing a using directive or an assembly reference?) [C:\Users\Mustafa.Najim\Desktop\HRManagment_System\HR.Application\HR.Application.csproj]
C:\Users\Mustafa.Najim\Desktop\HRManagment_System\HR.Application\Attendance\ZKPython\Leaves\Queries\GetPendingManagerApprovalsQueryHandler.cs(45,24): error CS1061: 'LeaveRequest' does not contain a definition for 'Employee' and no accessible extension method 'Employee' accepting a first argument of type 'LeaveRequest' could be found (are you missing a using directive or an assembly reference?) [C:\Users\Mustafa.Najim\Desktop\HRManagment_System\HR.Application\HR.Application.csproj]
C:\Users\Mustafa.Najim\Desktop\HRManagment_System\HR.Application\Attendance\ZKPython\Leaves\Queries\GetPendingManagerApprovalsQueryHandler.cs(46,24): error CS1061: 'LeaveRequest' does not contain a definition for 'Employee' and no accessible extension method 'Employee' accepting a first argument of type 'LeaveRequest' could be found (are you missing a using directive or an assembly reference?) [C:\Users\Mustafa.Najim\Desktop\HRManagment_System\HR.Application\HR.Application.csproj]
C:\Users\Mustafa.Najim\Desktop\HRManagment_System\HR.Application\Attendance\ZKPython\Leaves\Queries\GetPendingManagerApprovalsQueryHandler.cs(48,24): error CS1061: 'LeaveRequest' does not contain a definition for 'LeaveReason' and no accessible extension method 'LeaveReason' accepting a first argument of type 'LeaveRequest' could be found (are you missing a using directive or an assembly reference?) [C:\Users\Mustafa.Najim\Desktop\HRManagment_System\HR.Application\HR.Application.csproj]
C:\Users\Mustafa.Najim\Desktop\HRManagment_System\HR.Application\Attendance\ZKPython\Leaves\Queries\GetPendingManagerApprovalsQueryHandler.cs(49,24): error CS1061: 'LeaveRequest' does not contain a definition for 'AdditionalComment' and no accessible extension method 'AdditionalComment' accepting a first argument of type 'LeaveRequest' could be found (are you missing a using directive or an assembly reference?) [C:\Users\Mustafa.Najim\Desktop\HRManagment_System\HR.Application\HR.Application.csproj]
C:\Users\Mustafa.Najim\Desktop\HRManagment_System\HR.Application\Attendance\ZKPython\Leaves\Queries\GetPendingManagerApprovalsQueryHandler.cs(50,24): error CS1061: 'LeaveRequest' does not contain a definition for 'BackupEmployeeId' and no accessible extension method 'BackupEmployeeId' accepting a first argument of type 'LeaveRequest' could be found (are you missing a using directive or an assembly reference?) [C:\Users\Mustafa.Najim\Desktop\HRManagment_System\HR.Application\HR.Application.csproj]
C:\Users\Mustafa.Najim\Desktop\HRManagment_System\HR.Application\Attendance\ZKPython\Leaves\Queries\GetPendingManagerApprovalsQueryHandler.cs(51,24): error CS1061: 'LeaveRequest' does not contain a definition for 'BackupEmployee' and no accessible extension method 'BackupEmployee' accepting a first argument of type 'LeaveRequest' could be found (are you missing a using directive or an assembly reference?) [C:\Users\Mustafa.Najim\Desktop\HRManagment_System\HR.Application\HR.Application.csproj]
C:\Users\Mustafa.Najim\Desktop\HRManagment_System\HR.Application\Attendance\ZKPython\Leaves\Queries\GetPendingManagerApprovalsQueryHandler.cs(52,24): error CS1061: 'LeaveRequest' does not contain a definition for 'BackupStatus' and no accessible extension method 'BackupStatus' accepting a first argument of type 'LeaveRequest' could be found (are you missing a using directive or an assembly reference?) [C:\Users\Mustafa.Najim\Desktop\HRManagment_System\HR.Application\HR.Application.csproj]
C:\Users\Mustafa.Najim\Desktop\HRManagment_System\HR.Application\Attendance\ZKPython\Leaves\Queries\GetPendingManagerApprovalsQueryHandler.cs(53,24): error CS1061: 'LeaveRequest' does not contain a definition for 'BackupComment' and no accessible extension method 'BackupComment' accepting a first argument of type 'LeaveRequest' could be found (are you missing a using directive or an assembly reference?) [C:\Users\Mustafa.Najim\Desktop\HRManagment_System\HR.Application\HR.Application.csproj]
C:\Users\Mustafa.Najim\Desktop\HRManagment_System\HR.Application\Attendance\ZKPython\Leaves\Queries\GetPendingManagerApprovalsQueryHandler.cs(54,24): error CS1061: 'LeaveRequest' does not contain a definition for 'BackupRespondedAt' and no accessible extension method 'BackupRespondedAt' accepting a first argument of type 'LeaveRequest' could be found (are you missing a using directive or an assembly reference?) [C:\Users\Mustafa.Najim\Desktop\HRManagment_System\HR.Application\HR.Application.csproj]
C:\Users\Mustafa.Najim\Desktop\HRManagment_System\HR.Application\Attendance\ZKPython\Leaves\Queries\GetPendingManagerApprovalsQueryHandler.cs(58,24): error CS1061: 'LeaveRequest' does not contain a definition for 'StartTime' and no accessible extension method 'StartTime' accepting a first argument of type 'LeaveRequest' could be found (are you missing a using directive or an assembly reference?) [C:\Users\Mustafa.Najim\Desktop\HRManagment_System\HR.Application\HR.Application.csproj]
C:\Users\Mustafa.Najim\Desktop\HRManagment_System\HR.Application\Attendance\ZKPython\Leaves\Queries\GetPendingManagerApprovalsQueryHandler.cs(59,24): error CS1061: 'LeaveRequest' does not contain a definition for 'EndTime' and no accessible extension method 'EndTime' accepting a first argument of type 'LeaveRequest' could be found (are you missing a using directive or an assembly reference?) [C:\Users\Mustafa.Najim\Desktop\HRManagment_System\HR.Application\HR.Application.csproj]
C:\Users\Mustafa.Najim\Desktop\HRManagment_System\HR.Application\Attendance\ZKPython\Leaves\Queries\GetPendingManagerApprovalsQueryHandler.cs(62,24): error CS1061: 'LeaveRequest' does not contain a definition for 'ManagerComment' and no accessible extension method 'ManagerComment' accepting a first argument of type 'LeaveRequest' could be found (are you missing a using directive or an assembly reference?) [C:\Users\Mustafa.Najim\Desktop\HRManagment_System\HR.Application\HR.Application.csproj]
C:\Users\Mustafa.Najim\Desktop\HRManagment_System\HR.Application\Attendance\ZKPython\Leaves\Queries\GetPendingManagerApprovalsQueryHandler.cs(63,24): error CS1061: 'LeaveRequest' does not contain a definition for 'HRComment' and no accessible extension method 'HRComment' accepting a first argument of type 'LeaveRequest' could be found (are you missing a using directive or an assembly reference?) [C:\Users\Mustafa.Najim\Desktop\HRManagment_System\HR.Application\HR.Application.csproj]
C:\Users\Mustafa.Najim\Desktop\HRManagment_System\HR.Application\Attendance\ZKPython\Leaves\Queries\GetPendingManagerApprovalsQueryHandler.cs(64,24): error CS1061: 'LeaveRequest' does not contain a definition for 'ApprovedByManager' and no accessible extension method 'ApprovedByManager' accepting a first argument of type 'LeaveRequest' could be found (are you missing a using directive or an assembly reference?) [C:\Users\Mustafa.Najim\Desktop\HRManagment_System\HR.Application\HR.Application.csproj]
C:\Users\Mustafa.Najim\Desktop\HRManagment_System\HR.Application\Attendance\ZKPython\Leaves\Queries\GetPendingManagerApprovalsQueryHandler.cs(65,24): error CS1061: 'LeaveRequest' does not contain a definition for 'ApprovedByHR' and no accessible extension method 'ApprovedByHR' accepting a first argument of type 'LeaveRequest' could be found (are you missing a using directive or an assembly reference?) [C:\Users\Mustafa.Najim\Desktop\HRManagment_System\HR.Application\HR.Application.csproj]
C:\Users\Mustafa.Najim\Desktop\HRManagment_System\HR.Application\Attendance\ZKPython\Leaves\Queries\GetPendingManagerApprovalsQueryHandler.cs(66,24): error CS1061: 'LeaveRequest' does not contain a definition for 'ApprovedByManagerAt' and no accessible extension method 'ApprovedByManagerAt' accepting a first argument of type 'LeaveRequest' could be found (are you missing a using directive or an assembly reference?) [C:\Users\Mustafa.Najim\Desktop\HRManagment_System\HR.Application\HR.Application.csproj]
C:\Users\Mustafa.Najim\Desktop\HRManagment_System\HR.Application\Attendance\ZKPython\Leaves\Queries\GetPendingManagerApprovalsQueryHandler.cs(67,24): error CS1061: 'LeaveRequest' does not contain a definition for 'ApprovedByHRAt' and no accessible extension method 'ApprovedByHRAt' accepting a first argument of type 'LeaveRequest' could be found (are you missing a using directive or an assembly reference?) [C:\Users\Mustafa.Najim\Desktop\HRManagment_System\HR.Application\HR.Application.csproj]
C:\Users\Mustafa.Najim\Desktop\HRManagment_System\HR.Application\Attendance\ZKPython\Leaves\Queries\GetPendingManagerApprovalsQueryHandler.cs(68,24): error CS1061: 'LeaveRequest' does not contain a definition for 'RejectedBy' and no accessible extension method 'RejectedBy' accepting a first argument of type 'LeaveRequest' could be found (are you missing a using directive or an assembly reference?) [C:\Users\Mustafa.Najim\Desktop\HRManagment_System\HR.Application\HR.Application.csproj]
C:\Users\Mustafa.Najim\Desktop\HRManagment_System\HR.Application\Attendance\ZKPython\Leaves\Queries\GetPendingManagerApprovalsQueryHandler.cs(69,24): error CS1061: 'LeaveRequest' does not contain a definition for 'RejectedAt' and no accessible extension method 'RejectedAt' accepting a first argument of type 'LeaveRequest' could be found (are you missing a using directive or an assembly reference?) [C:\Users\Mustafa.Najim\Desktop\HRManagment_System\HR.Application\HR.Application.csproj]
C:\Users\Mustafa.Najim\Desktop\HRManagment_System\HR.Application\Attendance\ZKPython\Leaves\Queries\GetPendingManagerApprovalsQueryHandler.cs(47,21): error CS1503: Argument 6: cannot convert from 'string' to 'HR.Domain.Enums.LeaveType' [C:\Users\Mustafa.Najim\Desktop\HRManagment_System\HR.Application\HR.Application.csproj]
C:\Users\Mustafa.Najim\Desktop\HRManagment_System\HR.Application\Attendance\ZKPython\Departments\Queries\GetDepartmentByIdQuery.cs(36,25): error CS0266: Cannot implicitly convert type 'System.DateTime?' to 'System.DateTime'. An explicit conversion exists (are you missing a cast?) [C:\Users\Mustafa.Najim\Desktop\HRManagment_System\HR.Application\HR.Application.csproj]
C:\Users\Mustafa.Najim\Desktop\HRManagment_System\HR.Application\Attendance\ZKPython\Devices\Commands\UpdateUserDevicesCommand.cs(68,23): error CS1061: 'UserInfo' does not contain a definition for 'HRs' and no accessible extension method 'HRs' accepting a first argument of type 'UserInfo' could be found (are you missing a using directive or an assembly reference?) [C:\Users\Mustafa.Najim\Desktop\HRManagment_System\HR.Application\HR.Application.csproj]
C:\Users\Mustafa.Najim\Desktop\HRManagment_System\HR.Application\Attendance\ZKPython\Devices\Commands\UpdateUserDevicesCommand.cs(68,44): error CS1061: 'UserInfo' does not contain a definition for 'HRs' and no accessible extension method 'HRs' accepting a first argument of type 'UserInfo' could be found (are you missing a using directive or an assembly reference?) [C:\Users\Mustafa.Najim\Desktop\HRManagment_System\HR.Application\HR.Application.csproj]
C:\Users\Mustafa.Najim\Desktop\HRManagment_System\HR.Application\Attendance\ZKPython\Devices\Commands\UpdateUserDevicesCommand.cs(79,42): error CS1061: 'UserInfo' does not contain a definition for 'HRs' and no accessible extension method 'HRs' accepting a first argument of type 'UserInfo' could be found (are you missing a using directive or an assembly reference?) [C:\Users\Mustafa.Najim\Desktop\HRManagment_System\HR.Application\HR.Application.csproj]
C:\Users\Mustafa.Najim\Desktop\HRManagment_System\HR.Application\Attendance\ZKPython\Devices\Commands\UpdateUserDevicesCommand.cs(230,38): error CS0103: The name 'CacheKeys' does not exist in the current context [C:\Users\Mustafa.Najim\Desktop\HRManagment_System\HR.Application\HR.Application.csproj]
C:\Users\Mustafa.Najim\Desktop\HRManagment_System\HR.Application\Attendance\ZKPython\Leaves\Commands\RejectLeaveByManagerCommandHandler.cs(35,76): error CS1061: 'LeaveRequest' does not contain a definition for 'ApprovedByManagerId' and no accessible extension method 'ApprovedByManagerId' accepting a first argument of type 'LeaveRequest' could be found (are you missing a using directive or an assembly reference?) [C:\Users\Mustafa.Najim\Desktop\HRManagment_System\HR.Application\HR.Application.csproj]
C:\Users\Mustafa.Najim\Desktop\HRManagment_System\HR.Application\Attendance\ZKPython\Leaves\Commands\RejectLeaveByManagerCommandHandler.cs(39,76): error CS1061: 'LeaveRequest' does not contain a definition for 'EmployeeId' and no accessible extension method 'EmployeeId' accepting a first argument of type 'LeaveRequest' could be found (are you missing a using directive or an assembly reference?) [C:\Users\Mustafa.Najim\Desktop\HRManagment_System\HR.Application\HR.Application.csproj]
C:\Users\Mustafa.Najim\Desktop\HRManagment_System\HR.Application\Attendance\ZKPython\Leaves\Commands\RejectLeaveByManagerCommandHandler.cs(53,26): error CS1061: 'LeaveRequest' does not contain a definition for 'RejectedById' and no accessible extension method 'RejectedById' accepting a first argument of type 'LeaveRequest' could be found (are you missing a using directive or an assembly reference?) [C:\Users\Mustafa.Najim\Desktop\HRManagment_System\HR.Application\HR.Application.csproj]
C:\Users\Mustafa.Najim\Desktop\HRManagment_System\HR.Application\Attendance\ZKPython\Leaves\Commands\RejectLeaveByManagerCommandHandler.cs(54,26): error CS1061: 'LeaveRequest' does not contain a definition for 'ManagerComment' and no accessible extension method 'ManagerComment' accepting a first argument of type 'LeaveRequest' could be found (are you missing a using directive or an assembly reference?) [C:\Users\Mustafa.Najim\Desktop\HRManagment_System\HR.Application\HR.Application.csproj]
C:\Users\Mustafa.Najim\Desktop\HRManagment_System\HR.Application\Attendance\ZKPython\Leaves\Commands\RejectLeaveByManagerCommandHandler.cs(55,26): error CS1061: 'LeaveRequest' does not contain a definition for 'RejectedAt' and no accessible extension method 'RejectedAt' accepting a first argument of type 'LeaveRequest' could be found (are you missing a using directive or an assembly reference?) [C:\Users\Mustafa.Najim\Desktop\HRManagment_System\HR.Application\HR.Application.csproj]
C:\Users\Mustafa.Najim\Desktop\HRManagment_System\HR.Application\Attendance\ZKPython\Leaves\Commands\RejectLeaveByManagerCommandHandler.cs(62,30): error CS1061: 'LeaveRequest' does not contain a definition for 'EmployeeId' and no accessible extension method 'EmployeeId' accepting a first argument of type 'LeaveRequest' could be found (are you missing a using directive or an assembly reference?) [C:\Users\Mustafa.Najim\Desktop\HRManagment_System\HR.Application\HR.Application.csproj]
C:\Users\Mustafa.Najim\Desktop\HRManagment_System\HR.Application\Attendance\ZKPython\Leaves\Queries\GetPendingHRApprovalsQueryHandler.cs(28,20): error CS1061: 'LeaveRequest' does not contain a definition for 'EmployeeId' and no accessible extension method 'EmployeeId' accepting a first argument of type 'LeaveRequest' could be found (are you missing a using directive or an assembly reference?) [C:\Users\Mustafa.Najim\Desktop\HRManagment_System\HR.Application\HR.Application.csproj]
C:\Users\Mustafa.Najim\Desktop\HRManagment_System\HR.Application\Attendance\ZKPython\Leaves\Queries\GetPendingHRApprovalsQueryHandler.cs(29,20): error CS1061: 'LeaveRequest' does not contain a definition for 'Employee' and no accessible extension method 'Employee' accepting a first argument of type 'LeaveRequest' could be found (are you missing a using directive or an assembly reference?) [C:\Users\Mustafa.Najim\Desktop\HRManagment_System\HR.Application\HR.Application.csproj]
C:\Users\Mustafa.Najim\Desktop\HRManagment_System\HR.Application\Attendance\ZKPython\Leaves\Queries\GetPendingHRApprovalsQueryHandler.cs(30,20): error CS1061: 'LeaveRequest' does not contain a definition for 'Employee' and no accessible extension method 'Employee' accepting a first argument of type 'LeaveRequest' could be found (are you missing a using directive or an assembly reference?) [C:\Users\Mustafa.Najim\Desktop\HRManagment_System\HR.Application\HR.Application.csproj]
C:\Users\Mustafa.Najim\Desktop\HRManagment_System\HR.Application\Attendance\ZKPython\Leaves\Queries\GetPendingHRApprovalsQueryHandler.cs(31,20): error CS1061: 'LeaveRequest' does not contain a definition for 'Employee' and no accessible extension method 'Employee' accepting a first argument of type 'LeaveRequest' could be found (are you missing a using directive or an assembly reference?) [C:\Users\Mustafa.Najim\Desktop\HRManagment_System\HR.Application\HR.Application.csproj]
C:\Users\Mustafa.Najim\Desktop\HRManagment_System\HR.Application\Attendance\ZKPython\Leaves\Queries\GetPendingHRApprovalsQueryHandler.cs(33,20): error CS1061: 'LeaveRequest' does not contain a definition for 'LeaveReason' and no accessible extension method 'LeaveReason' accepting a first argument of type 'LeaveRequest' could be found (are you missing a using directive or an assembly reference?) [C:\Users\Mustafa.Najim\Desktop\HRManagment_System\HR.Application\HR.Application.csproj]
C:\Users\Mustafa.Najim\Desktop\HRManagment_System\HR.Application\Attendance\ZKPython\Leaves\Queries\GetPendingHRApprovalsQueryHandler.cs(34,20): error CS1061: 'LeaveRequest' does not contain a definition for 'AdditionalComment' and no accessible extension method 'AdditionalComment' accepting a first argument of type 'LeaveRequest' could be found (are you missing a using directive or an assembly reference?) [C:\Users\Mustafa.Najim\Desktop\HRManagment_System\HR.Application\HR.Application.csproj]
C:\Users\Mustafa.Najim\Desktop\HRManagment_System\HR.Application\Attendance\ZKPython\Leaves\Queries\GetPendingHRApprovalsQueryHandler.cs(35,20): error CS1061: 'LeaveRequest' does not contain a definition for 'BackupEmployeeId' and no accessible extension method 'BackupEmployeeId' accepting a first argument of type 'LeaveRequest' could be found (are you missing a using directive or an assembly reference?) [C:\Users\Mustafa.Najim\Desktop\HRManagment_System\HR.Application\HR.Application.csproj]
C:\Users\Mustafa.Najim\Desktop\HRManagment_System\HR.Application\Attendance\ZKPython\Leaves\Queries\GetPendingHRApprovalsQueryHandler.cs(36,20): error CS1061: 'LeaveRequest' does not contain a definition for 'BackupEmployee' and no accessible extension method 'BackupEmployee' accepting a first argument of type 'LeaveRequest' could be found (are you missing a using directive or an assembly reference?) [C:\Users\Mustafa.Najim\Desktop\HRManagment_System\HR.Application\HR.Application.csproj]
C:\Users\Mustafa.Najim\Desktop\HRManagment_System\HR.Application\Attendance\ZKPython\Leaves\Queries\GetPendingHRApprovalsQueryHandler.cs(37,20): error CS1061: 'LeaveRequest' does not contain a definition for 'BackupStatus' and no accessible extension method 'BackupStatus' accepting a first argument of type 'LeaveRequest' could be found (are you missing a using directive or an assembly reference?) [C:\Users\Mustafa.Najim\Desktop\HRManagment_System\HR.Application\HR.Application.csproj]
C:\Users\Mustafa.Najim\Desktop\HRManagment_System\HR.Application\Attendance\ZKPython\Leaves\Queries\GetPendingHRApprovalsQueryHandler.cs(38,20): error CS1061: 'LeaveRequest' does not contain a definition for 'BackupComment' and no accessible extension method 'BackupComment' accepting a first argument of type 'LeaveRequest' could be found (are you missing a using directive or an assembly reference?) [C:\Users\Mustafa.Najim\Desktop\HRManagment_System\HR.Application\HR.Application.csproj]
C:\Users\Mustafa.Najim\Desktop\HRManagment_System\HR.Application\Attendance\ZKPython\Leaves\Queries\GetPendingHRApprovalsQueryHandler.cs(39,20): error CS1061: 'LeaveRequest' does not contain a definition for 'BackupRespondedAt' and no accessible extension method 'BackupRespondedAt' accepting a first argument of type 'LeaveRequest' could be found (are you missing a using directive or an assembly reference?) [C:\Users\Mustafa.Najim\Desktop\HRManagment_System\HR.Application\HR.Application.csproj]
C:\Users\Mustafa.Najim\Desktop\HRManagment_System\HR.Application\Attendance\ZKPython\Leaves\Queries\GetPendingHRApprovalsQueryHandler.cs(43,20): error CS1061: 'LeaveRequest' does not contain a definition for 'StartTime' and no accessible extension method 'StartTime' accepting a first argument of type 'LeaveRequest' could be found (are you missing a using directive or an assembly reference?) [C:\Users\Mustafa.Najim\Desktop\HRManagment_System\HR.Application\HR.Application.csproj]
C:\Users\Mustafa.Najim\Desktop\HRManagment_System\HR.Application\Attendance\ZKPython\Leaves\Queries\GetPendingHRApprovalsQueryHandler.cs(44,20): error CS1061: 'LeaveRequest' does not contain a definition for 'EndTime' and no accessible extension method 'EndTime' accepting a first argument of type 'LeaveRequest' could be found (are you missing a using directive or an assembly reference?) [C:\Users\Mustafa.Najim\Desktop\HRManagment_System\HR.Application\HR.Application.csproj]
C:\Users\Mustafa.Najim\Desktop\HRManagment_System\HR.Application\Attendance\ZKPython\Leaves\Queries\GetPendingHRApprovalsQueryHandler.cs(47,20): error CS1061: 'LeaveRequest' does not contain a definition for 'ManagerComment' and no accessible extension method 'ManagerComment' accepting a first argument of type 'LeaveRequest' could be found (are you missing a using directive or an assembly reference?) [C:\Users\Mustafa.Najim\Desktop\HRManagment_System\HR.Application\HR.Application.csproj]
C:\Users\Mustafa.Najim\Desktop\HRManagment_System\HR.Application\Attendance\ZKPython\Leaves\Queries\GetPendingHRApprovalsQueryHandler.cs(48,20): error CS1061: 'LeaveRequest' does not contain a definition for 'HRComment' and no accessible extension method 'HRComment' accepting a first argument of type 'LeaveRequest' could be found (are you missing a using directive or an assembly reference?) [C:\Users\Mustafa.Najim\Desktop\HRManagment_System\HR.Application\HR.Application.csproj]
C:\Users\Mustafa.Najim\Desktop\HRManagment_System\HR.Application\Attendance\ZKPython\Leaves\Queries\GetPendingHRApprovalsQueryHandler.cs(49,20): error CS1061: 'LeaveRequest' does not contain a definition for 'ApprovedByManager' and no accessible extension method 'ApprovedByManager' accepting a first argument of type 'LeaveRequest' could be found (are you missing a using directive or an assembly reference?) [C:\Users\Mustafa.Najim\Desktop\HRManagment_System\HR.Application\HR.Application.csproj]
C:\Users\Mustafa.Najim\Desktop\HRManagment_System\HR.Application\Attendance\ZKPython\Leaves\Queries\GetPendingHRApprovalsQueryHandler.cs(50,20): error CS1061: 'LeaveRequest' does not contain a definition for 'ApprovedByHR' and no accessible extension method 'ApprovedByHR' accepting a first argument of type 'LeaveRequest' could be found (are you missing a using directive or an assembly reference?) [C:\Users\Mustafa.Najim\Desktop\HRManagment_System\HR.Application\HR.Application.csproj]
C:\Users\Mustafa.Najim\Desktop\HRManagment_System\HR.Application\Attendance\ZKPython\Leaves\Queries\GetPendingHRApprovalsQueryHandler.cs(51,20): error CS1061: 'LeaveRequest' does not contain a definition for 'ApprovedByManagerAt' and no accessible extension method 'ApprovedByManagerAt' accepting a first argument of type 'LeaveRequest' could be found (are you missing a using directive or an assembly reference?) [C:\Users\Mustafa.Najim\Desktop\HRManagment_System\HR.Application\HR.Application.csproj]
C:\Users\Mustafa.Najim\Desktop\HRManagment_System\HR.Application\Attendance\ZKPython\Leaves\Queries\GetPendingHRApprovalsQueryHandler.cs(52,20): error CS1061: 'LeaveRequest' does not contain a definition for 'ApprovedByHRAt' and no accessible extension method 'ApprovedByHRAt' accepting a first argument of type 'LeaveRequest' could be found (are you missing a using directive or an assembly reference?) [C:\Users\Mustafa.Najim\Desktop\HRManagment_System\HR.Application\HR.Application.csproj]
C:\Users\Mustafa.Najim\Desktop\HRManagment_System\HR.Application\Attendance\ZKPython\Leaves\Queries\GetPendingHRApprovalsQueryHandler.cs(53,20): error CS1061: 'LeaveRequest' does not contain a definition for 'RejectedBy' and no accessible extension method 'RejectedBy' accepting a first argument of type 'LeaveRequest' could be found (are you missing a using directive or an assembly reference?) [C:\Users\Mustafa.Najim\Desktop\HRManagment_System\HR.Application\HR.Application.csproj]
C:\Users\Mustafa.Najim\Desktop\HRManagment_System\HR.Application\Attendance\ZKPython\Leaves\Queries\GetPendingHRApprovalsQueryHandler.cs(54,20): error CS1061: 'LeaveRequest' does not contain a definition for 'RejectedAt' and no accessible extension method 'RejectedAt' accepting a first argument of type 'LeaveRequest' could be found (are you missing a using directive or an assembly reference?) [C:\Users\Mustafa.Najim\Desktop\HRManagment_System\HR.Application\HR.Application.csproj]
C:\Users\Mustafa.Najim\Desktop\HRManagment_System\HR.Application\Attendance\ZKPython\Leaves\Queries\GetPendingHRApprovalsQueryHandler.cs(32,17): error CS1503: Argument 6: cannot convert from 'string' to 'HR.Domain.Enums.LeaveType' [C:\Users\Mustafa.Najim\Desktop\HRManagment_System\HR.Application\HR.Application.csproj]
C:\Users\Mustafa.Najim\Desktop\HRManagment_System\HR.Application\Attendance\ZKPython\Leaves\Commands\RejectLeaveByHRCommandHandler.cs(35,77): error CS1061: 'LeaveRequest' does not contain a definition for 'ApprovedByManagerId' and no accessible extension method 'ApprovedByManagerId' accepting a first argument of type 'LeaveRequest' could be found (are you missing a using directive or an assembly reference?) [C:\Users\Mustafa.Najim\Desktop\HRManagment_System\HR.Application\HR.Application.csproj]
C:\Users\Mustafa.Najim\Desktop\HRManagment_System\HR.Application\Attendance\ZKPython\Leaves\Commands\RejectLeaveByHRCommandHandler.cs(43,17): error CS0019: Operator '!=' cannot be applied to operands of type 'string' and 'UserType' [C:\Users\Mustafa.Najim\Desktop\HRManagment_System\HR.Application\HR.Application.csproj]
C:\Users\Mustafa.Najim\Desktop\HRManagment_System\HR.Application\Attendance\ZKPython\Leaves\Commands\RejectLeaveByHRCommandHandler.cs(43,58): error CS0019: Operator '!=' cannot be applied to operands of type 'string' and 'UserType' [C:\Users\Mustafa.Najim\Desktop\HRManagment_System\HR.Application\HR.Application.csproj]
C:\Users\Mustafa.Najim\Desktop\HRManagment_System\HR.Application\Attendance\ZKPython\Leaves\Commands\RejectLeaveByHRCommandHandler.cs(48,26): error CS1061: 'LeaveRequest' does not contain a definition for 'RejectedById' and no accessible extension method 'RejectedById' accepting a first argument of type 'LeaveRequest' could be found (are you missing a using directive or an assembly reference?) [C:\Users\Mustafa.Najim\Desktop\HRManagment_System\HR.Application\HR.Application.csproj]
C:\Users\Mustafa.Najim\Desktop\HRManagment_System\HR.Application\Attendance\ZKPython\Leaves\Commands\RejectLeaveByHRCommandHandler.cs(49,26): error CS1061: 'LeaveRequest' does not contain a definition for 'HRComment' and no accessible extension method 'HRComment' accepting a first argument of type 'LeaveRequest' could be found (are you missing a using directive or an assembly reference?) [C:\Users\Mustafa.Najim\Desktop\HRManagment_System\HR.Application\HR.Application.csproj]
C:\Users\Mustafa.Najim\Desktop\HRManagment_System\HR.Application\Attendance\ZKPython\Leaves\Commands\RejectLeaveByHRCommandHandler.cs(50,26): error CS1061: 'LeaveRequest' does not contain a definition for 'RejectedAt' and no accessible extension method 'RejectedAt' accepting a first argument of type 'LeaveRequest' could be found (are you missing a using directive or an assembly reference?) [C:\Users\Mustafa.Najim\Desktop\HRManagment_System\HR.Application\HR.Application.csproj]
C:\Users\Mustafa.Najim\Desktop\HRManagment_System\HR.Application\Attendance\ZKPython\Leaves\Commands\RejectLeaveByHRCommandHandler.cs(57,30): error CS1061: 'LeaveRequest' does not contain a definition for 'EmployeeId' and no accessible extension method 'EmployeeId' accepting a first argument of type 'LeaveRequest' could be found (are you missing a using directive or an assembly reference?) [C:\Users\Mustafa.Najim\Desktop\HRManagment_System\HR.Application\HR.Application.csproj]
C:\Users\Mustafa.Najim\Desktop\HRManagment_System\HR.Application\Attendance\Commands\ProcessDailySummariesCommand.cs(59,126): error CS1061: 'DateTime?' does not contain a definition for 'Date' and no accessible extension method 'Date' accepting a first argument of type 'DateTime?' could be found (are you missing a using directive or an assembly reference?) [C:\Users\Mustafa.Najim\Desktop\HRManagment_System\HR.Application\HR.Application.csproj]
C:\Users\Mustafa.Najim\Desktop\HRManagment_System\HR.Application\Attendance\Commands\ProcessDailySummariesCommand.cs(59,171): error CS1061: 'DateTime?' does not contain a definition for 'Date' and no accessible extension method 'Date' accepting a first argument of type 'DateTime?' could be found (are you missing a using directive or an assembly reference?) [C:\Users\Mustafa.Najim\Desktop\HRManagment_System\HR.Application\HR.Application.csproj]
C:\Users\Mustafa.Najim\Desktop\HRManagment_System\HR.Application\Attendance\ZKPython\Leaves\Commands\CreateLeaveRequestCommandHandler.cs(29,17): error CS0117: 'LeaveRequest' does not contain a definition for 'EmployeeId' [C:\Users\Mustafa.Najim\Desktop\HRManagment_System\HR.Application\HR.Application.csproj]
C:\Users\Mustafa.Najim\Desktop\HRManagment_System\HR.Application\Attendance\ZKPython\Leaves\Commands\CreateLeaveRequestCommandHandler.cs(30,33): error CS0029: Cannot implicitly convert type 'HR.Domain.Enums.LeaveType' to 'string' [C:\Users\Mustafa.Najim\Desktop\HRManagment_System\HR.Application\HR.Application.csproj]
C:\Users\Mustafa.Najim\Desktop\HRManagment_System\HR.Application\Attendance\ZKPython\Leaves\Commands\CreateLeaveRequestCommandHandler.cs(31,17): error CS0117: 'LeaveRequest' does not contain a definition for 'LeaveReason' [C:\Users\Mustafa.Najim\Desktop\HRManagment_System\HR.Application\HR.Application.csproj]
C:\Users\Mustafa.Najim\Desktop\HRManagment_System\HR.Application\Attendance\ZKPython\Leaves\Commands\CreateLeaveRequestCommandHandler.cs(32,17): error CS0117: 'LeaveRequest' does not contain a definition for 'AdditionalComment' [C:\Users\Mustafa.Najim\Desktop\HRManagment_System\HR.Application\HR.Application.csproj]
C:\Users\Mustafa.Najim\Desktop\HRManagment_System\HR.Application\Attendance\ZKPython\Leaves\Commands\CreateLeaveRequestCommandHandler.cs(33,17): error CS0117: 'LeaveRequest' does not contain a definition for 'BackupEmployeeId' [C:\Users\Mustafa.Najim\Desktop\HRManagment_System\HR.Application\HR.Application.csproj]
C:\Users\Mustafa.Najim\Desktop\HRManagment_System\HR.Application\Attendance\ZKPython\Leaves\Commands\CreateLeaveRequestCommandHandler.cs(36,17): error CS0117: 'LeaveRequest' does not contain a definition for 'LeaveDate' [C:\Users\Mustafa.Najim\Desktop\HRManagment_System\HR.Application\HR.Application.csproj]
C:\Users\Mustafa.Najim\Desktop\HRManagment_System\HR.Application\Attendance\ZKPython\Leaves\Commands\CreateLeaveRequestCommandHandler.cs(37,17): error CS0117: 'LeaveRequest' does not contain a definition for 'StartTime' [C:\Users\Mustafa.Najim\Desktop\HRManagment_System\HR.Application\HR.Application.csproj]
C:\Users\Mustafa.Najim\Desktop\HRManagment_System\HR.Application\Attendance\ZKPython\Leaves\Commands\CreateLeaveRequestCommandHandler.cs(38,17): error CS0117: 'LeaveRequest' does not contain a definition for 'EndTime' [C:\Users\Mustafa.Najim\Desktop\HRManagment_System\HR.Application\HR.Application.csproj]
C:\Users\Mustafa.Najim\Desktop\HRManagment_System\HR.Application\Attendance\ZKPython\Leaves\Commands\CreateLeaveRequestCommandHandler.cs(41,17): error CS0117: 'LeaveRequest' does not contain a definition for 'BackupStatus' [C:\Users\Mustafa.Najim\Desktop\HRManagment_System\HR.Application\HR.Application.csproj]
C:\Users\Mustafa.Najim\Desktop\HRManagment_System\HR.Application\Attendance\ZKPython\Leaves\Queries\GetLeaveRequestByIdQueryHandler.cs(31,20): error CS1061: 'LeaveRequest' does not contain a definition for 'EmployeeId' and no accessible extension method 'EmployeeId' accepting a first argument of type 'LeaveRequest' could be found (are you missing a using directive or an assembly reference?) [C:\Users\Mustafa.Najim\Desktop\HRManagment_System\HR.Application\HR.Application.csproj]
C:\Users\Mustafa.Najim\Desktop\HRManagment_System\HR.Application\Attendance\ZKPython\Leaves\Queries\GetLeaveRequestByIdQueryHandler.cs(32,20): error CS1061: 'LeaveRequest' does not contain a definition for 'Employee' and no accessible extension method 'Employee' accepting a first argument of type 'LeaveRequest' could be found (are you missing a using directive or an assembly reference?) [C:\Users\Mustafa.Najim\Desktop\HRManagment_System\HR.Application\HR.Application.csproj]
C:\Users\Mustafa.Najim\Desktop\HRManagment_System\HR.Application\Attendance\ZKPython\Leaves\Queries\GetLeaveRequestByIdQueryHandler.cs(33,20): error CS1061: 'LeaveRequest' does not contain a definition for 'Employee' and no accessible extension method 'Employee' accepting a first argument of type 'LeaveRequest' could be found (are you missing a using directive or an assembly reference?) [C:\Users\Mustafa.Najim\Desktop\HRManagment_System\HR.Application\HR.Application.csproj]
C:\Users\Mustafa.Najim\Desktop\HRManagment_System\HR.Application\Attendance\ZKPython\Leaves\Queries\GetLeaveRequestByIdQueryHandler.cs(34,20): error CS1061: 'LeaveRequest' does not contain a definition for 'Employee' and no accessible extension method 'Employee' accepting a first argument of type 'LeaveRequest' could be found (are you missing a using directive or an assembly reference?) [C:\Users\Mustafa.Najim\Desktop\HRManagment_System\HR.Application\HR.Application.csproj]
C:\Users\Mustafa.Najim\Desktop\HRManagment_System\HR.Application\Attendance\ZKPython\Leaves\Queries\GetLeaveRequestByIdQueryHandler.cs(36,20): error CS1061: 'LeaveRequest' does not contain a definition for 'LeaveReason' and no accessible extension method 'LeaveReason' accepting a first argument of type 'LeaveRequest' could be found (are you missing a using directive or an assembly reference?) [C:\Users\Mustafa.Najim\Desktop\HRManagment_System\HR.Application\HR.Application.csproj]
C:\Users\Mustafa.Najim\Desktop\HRManagment_System\HR.Application\Attendance\ZKPython\Leaves\Queries\GetLeaveRequestByIdQueryHandler.cs(37,20): error CS1061: 'LeaveRequest' does not contain a definition for 'AdditionalComment' and no accessible extension method 'AdditionalComment' accepting a first argument of type 'LeaveRequest' could be found (are you missing a using directive or an assembly reference?) [C:\Users\Mustafa.Najim\Desktop\HRManagment_System\HR.Application\HR.Application.csproj]
C:\Users\Mustafa.Najim\Desktop\HRManagment_System\HR.Application\Attendance\ZKPython\Leaves\Queries\GetLeaveRequestByIdQueryHandler.cs(38,20): error CS1061: 'LeaveRequest' does not contain a definition for 'BackupEmployeeId' and no accessible extension method 'BackupEmployeeId' accepting a first argument of type 'LeaveRequest' could be found (are you missing a using directive or an assembly reference?) [C:\Users\Mustafa.Najim\Desktop\HRManagment_System\HR.Application\HR.Application.csproj]
C:\Users\Mustafa.Najim\Desktop\HRManagment_System\HR.Application\Attendance\ZKPython\Leaves\Queries\GetLeaveRequestByIdQueryHandler.cs(39,20): error CS1061: 'LeaveRequest' does not contain a definition for 'BackupEmployee' and no accessible extension method 'BackupEmployee' accepting a first argument of type 'LeaveRequest' could be found (are you missing a using directive or an assembly reference?) [C:\Users\Mustafa.Najim\Desktop\HRManagment_System\HR.Application\HR.Application.csproj]
C:\Users\Mustafa.Najim\Desktop\HRManagment_System\HR.Application\Attendance\ZKPython\Leaves\Queries\GetLeaveRequestByIdQueryHandler.cs(40,20): error CS1061: 'LeaveRequest' does not contain a definition for 'BackupStatus' and no accessible extension method 'BackupStatus' accepting a first argument of type 'LeaveRequest' could be found (are you missing a using directive or an assembly reference?) [C:\Users\Mustafa.Najim\Desktop\HRManagment_System\HR.Application\HR.Application.csproj]
C:\Users\Mustafa.Najim\Desktop\HRManagment_System\HR.Application\Attendance\ZKPython\Leaves\Queries\GetLeaveRequestByIdQueryHandler.cs(41,20): error CS1061: 'LeaveRequest' does not contain a definition for 'BackupComment' and no accessible extension method 'BackupComment' accepting a first argument of type 'LeaveRequest' could be found (are you missing a using directive or an assembly reference?) [C:\Users\Mustafa.Najim\Desktop\HRManagment_System\HR.Application\HR.Application.csproj]
C:\Users\Mustafa.Najim\Desktop\HRManagment_System\HR.Application\Attendance\ZKPython\Leaves\Queries\GetLeaveRequestByIdQueryHandler.cs(42,20): error CS1061: 'LeaveRequest' does not contain a definition for 'BackupRespondedAt' and no accessible extension method 'BackupRespondedAt' accepting a first argument of type 'LeaveRequest' could be found (are you missing a using directive or an assembly reference?) [C:\Users\Mustafa.Najim\Desktop\HRManagment_System\HR.Application\HR.Application.csproj]
C:\Users\Mustafa.Najim\Desktop\HRManagment_System\HR.Application\Attendance\ZKPython\Leaves\Queries\GetLeaveRequestByIdQueryHandler.cs(46,20): error CS1061: 'LeaveRequest' does not contain a definition for 'StartTime' and no accessible extension method 'StartTime' accepting a first argument of type 'LeaveRequest' could be found (are you missing a using directive or an assembly reference?) [C:\Users\Mustafa.Najim\Desktop\HRManagment_System\HR.Application\HR.Application.csproj]
C:\Users\Mustafa.Najim\Desktop\HRManagment_System\HR.Application\Attendance\ZKPython\Leaves\Queries\GetLeaveRequestByIdQueryHandler.cs(47,20): error CS1061: 'LeaveRequest' does not contain a definition for 'EndTime' and no accessible extension method 'EndTime' accepting a first argument of type 'LeaveRequest' could be found (are you missing a using directive or an assembly reference?) [C:\Users\Mustafa.Najim\Desktop\HRManagment_System\HR.Application\HR.Application.csproj]
C:\Users\Mustafa.Najim\Desktop\HRManagment_System\HR.Application\Attendance\ZKPython\Leaves\Queries\GetLeaveRequestByIdQueryHandler.cs(50,20): error CS1061: 'LeaveRequest' does not contain a definition for 'ManagerComment' and no accessible extension method 'ManagerComment' accepting a first argument of type 'LeaveRequest' could be found (are you missing a using directive or an assembly reference?) [C:\Users\Mustafa.Najim\Desktop\HRManagment_System\HR.Application\HR.Application.csproj]
C:\Users\Mustafa.Najim\Desktop\HRManagment_System\HR.Application\Attendance\ZKPython\Leaves\Queries\GetLeaveRequestByIdQueryHandler.cs(51,20): error CS1061: 'LeaveRequest' does not contain a definition for 'HRComment' and no accessible extension method 'HRComment' accepting a first argument of type 'LeaveRequest' could be found (are you missing a using directive or an assembly reference?) [C:\Users\Mustafa.Najim\Desktop\HRManagment_System\HR.Application\HR.Application.csproj]
C:\Users\Mustafa.Najim\Desktop\HRManagment_System\HR.Application\Attendance\ZKPython\Leaves\Queries\GetLeaveRequestByIdQueryHandler.cs(52,20): error CS1061: 'LeaveRequest' does not contain a definition for 'ApprovedByManager' and no accessible extension method 'ApprovedByManager' accepting a first argument of type 'LeaveRequest' could be found (are you missing a using directive or an assembly reference?) [C:\Users\Mustafa.Najim\Desktop\HRManagment_System\HR.Application\HR.Application.csproj]
C:\Users\Mustafa.Najim\Desktop\HRManagment_System\HR.Application\Attendance\ZKPython\Leaves\Queries\GetLeaveRequestByIdQueryHandler.cs(53,20): error CS1061: 'LeaveRequest' does not contain a definition for 'ApprovedByHR' and no accessible extension method 'ApprovedByHR' accepting a first argument of type 'LeaveRequest' could be found (are you missing a using directive or an assembly reference?) [C:\Users\Mustafa.Najim\Desktop\HRManagment_System\HR.Application\HR.Application.csproj]
C:\Users\Mustafa.Najim\Desktop\HRManagment_System\HR.Application\Attendance\ZKPython\Leaves\Queries\GetLeaveRequestByIdQueryHandler.cs(54,20): error CS1061: 'LeaveRequest' does not contain a definition for 'ApprovedByManagerAt' and no accessible extension method 'ApprovedByManagerAt' accepting a first argument of type 'LeaveRequest' could be found (are you missing a using directive or an assembly reference?) [C:\Users\Mustafa.Najim\Desktop\HRManagment_System\HR.Application\HR.Application.csproj]
C:\Users\Mustafa.Najim\Desktop\HRManagment_System\HR.Application\Attendance\ZKPython\Leaves\Queries\GetLeaveRequestByIdQueryHandler.cs(55,20): error CS1061: 'LeaveRequest' does not contain a definition for 'ApprovedByHRAt' and no accessible extension method 'ApprovedByHRAt' accepting a first argument of type 'LeaveRequest' could be found (are you missing a using directive or an assembly reference?) [C:\Users\Mustafa.Najim\Desktop\HRManagment_System\HR.Application\HR.Application.csproj]
C:\Users\Mustafa.Najim\Desktop\HRManagment_System\HR.Application\Attendance\ZKPython\Leaves\Queries\GetLeaveRequestByIdQueryHandler.cs(56,20): error CS1061: 'LeaveRequest' does not contain a definition for 'RejectedBy' and no accessible extension method 'RejectedBy' accepting a first argument of type 'LeaveRequest' could be found (are you missing a using directive or an assembly reference?) [C:\Users\Mustafa.Najim\Desktop\HRManagment_System\HR.Application\HR.Application.csproj]
C:\Users\Mustafa.Najim\Desktop\HRManagment_System\HR.Application\Attendance\ZKPython\Leaves\Queries\GetLeaveRequestByIdQueryHandler.cs(57,20): error CS1061: 'LeaveRequest' does not contain a definition for 'RejectedAt' and no accessible extension method 'RejectedAt' accepting a first argument of type 'LeaveRequest' could be found (are you missing a using directive or an assembly reference?) [C:\Users\Mustafa.Najim\Desktop\HRManagment_System\HR.Application\HR.Application.csproj]
C:\Users\Mustafa.Najim\Desktop\HRManagment_System\HR.Application\Attendance\ZKPython\Leaves\Queries\GetLeaveRequestByIdQueryHandler.cs(35,17): error CS1503: Argument 6: cannot convert from 'string' to 'HR.Domain.Enums.LeaveType' [C:\Users\Mustafa.Najim\Desktop\HRManagment_System\HR.Application\HR.Application.csproj]
C:\Users\Mustafa.Najim\Desktop\HRManagment_System\HR.Application\Attendance\ZKPython\Logs\Commands\SyncLogsCommandHandler.cs(42,27): error CS0246: The type or namespace name 'ValidationException' could not be found (are you missing a using directive or an assembly reference?) [C:\Users\Mustafa.Najim\Desktop\HRManagment_System\HR.Application\HR.Application.csproj]
C:\Users\Mustafa.Najim\Desktop\HRManagment_System\HR.Application\Attendance\ZKPython\Logs\Commands\SyncLogsCommandHandler.cs(85,46): error CS0029: Cannot implicitly convert type 'string' to 'int' [C:\Users\Mustafa.Najim\Desktop\HRManagment_System\HR.Application\HR.Application.csproj]
C:\Users\Mustafa.Najim\Desktop\HRManagment_System\HR.Application\Attendance\ZKPython\Logs\Commands\SyncLogsCommandHandler.cs(86,37): error CS0200: Property or indexer 'AttendanceLog.Name' cannot be assigned to -- it is read only [C:\Users\Mustafa.Najim\Desktop\HRManagment_System\HR.Application\HR.Application.csproj]
C:\Users\Mustafa.Najim\Desktop\HRManagment_System\HR.Application\Attendance\ZKPython\Logs\Commands\SyncLogsCommandHandler.cs(88,37): error CS0117: 'AttendanceLog' does not contain a definition for 'Card' [C:\Users\Mustafa.Najim\Desktop\HRManagment_System\HR.Application\HR.Application.csproj]
C:\Users\Mustafa.Najim\Desktop\HRManagment_System\HR.Application\Attendance\ZKPython\Logs\Commands\SyncLogsCommandHandler.cs(89,37): error CS0117: 'AttendanceLog' does not contain a definition for 'Role' [C:\Users\Mustafa.Najim\Desktop\HRManagment_System\HR.Application\HR.Application.csproj]
C:\Users\Mustafa.Najim\Desktop\HRManagment_System\HR.Application\Attendance\ZKPython\Logs\Commands\SyncLogsCommandHandler.cs(90,37): error CS0117: 'AttendanceLog' does not contain a definition for 'DeviceIP' [C:\Users\Mustafa.Najim\Desktop\HRManagment_System\HR.Application\HR.Application.csproj]
C:\Users\Mustafa.Najim\Desktop\HRManagment_System\HR.Application\Attendance\ZKPython\Logs\Commands\SyncLogsCommandHandler.cs(124,23): error CS0246: The type or namespace name 'ExternalServiceException' could not be found (are you missing a using directive or an assembly reference?) [C:\Users\Mustafa.Najim\Desktop\HRManagment_System\HR.Application\HR.Application.csproj]
C:\Users\Mustafa.Najim\Desktop\HRManagment_System\HR.Application\Attendance\ZKPython\Logs\Commands\SyncLogsCommandHandler.cs(126,16): error CS0246: The type or namespace name 'BaseException' could not be found (are you missing a using directive or an assembly reference?) [C:\Users\Mustafa.Najim\Desktop\HRManagment_System\HR.Application\HR.Application.csproj]
C:\Users\Mustafa.Najim\Desktop\HRManagment_System\HR.Application\Attendance\ZKPython\Devices\Commands\UpdateUserDevicesCommand.cs(307,60): error CS1061: 'IFingerprintRepository' does not contain a definition for 'GetByBiometricIdAndIndexAsync' and no accessible extension method 'GetByBiometricIdAndIndexAsync' accepting a first argument of type 'IFingerprintRepository' could be found (are you missing a using directive or an assembly reference?) [C:\Users\Mustafa.Najim\Desktop\HRManagment_System\HR.Application\HR.Application.csproj]
C:\Users\Mustafa.Najim\Desktop\HRManagment_System\HR.Application\Attendance\ZKPython\Devices\Commands\UpdateUserDevicesCommand.cs(335,58): error CS0118: 'HR' is a namespace but is used like a type [C:\Users\Mustafa.Najim\Desktop\HRManagment_System\HR.Application\HR.Application.csproj]
C:\Users\Mustafa.Najim\Desktop\HRManagment_System\HR.Application\Attendance\ZKPython\Leaves\Queries\GetLeaveBalanceQueryHandler.cs(40,25): error CS1061: 'LeaveBalance' does not contain a definition for 'EmployeeId' and no accessible extension method 'EmployeeId' accepting a first argument of type 'LeaveBalance' could be found (are you missing a using directive or an assembly reference?) [C:\Users\Mustafa.Najim\Desktop\HRManagment_System\HR.Application\HR.Application.csproj]
C:\Users\Mustafa.Najim\Desktop\HRManagment_System\HR.Application\Attendance\ZKPython\Leaves\Queries\GetLeaveBalanceQueryHandler.cs(42,25): error CS1061: 'LeaveBalance' does not contain a definition for 'TotalDays' and no accessible extension method 'TotalDays' accepting a first argument of type 'LeaveBalance' could be found (are you missing a using directive or an assembly reference?) [C:\Users\Mustafa.Najim\Desktop\HRManagment_System\HR.Application\HR.Application.csproj]
C:\Users\Mustafa.Najim\Desktop\HRManagment_System\HR.Application\Attendance\ZKPython\Leaves\Queries\GetLeaveBalanceQueryHandler.cs(43,25): error CS1061: 'LeaveBalance' does not contain a definition for 'RemainingDays' and no accessible extension method 'RemainingDays' accepting a first argument of type 'LeaveBalance' could be found (are you missing a using directive or an assembly reference?) [C:\Users\Mustafa.Najim\Desktop\HRManagment_System\HR.Application\HR.Application.csproj]
C:\Users\Mustafa.Najim\Desktop\HRManagment_System\HR.Application\Attendance\ZKPython\Leaves\Queries\GetLeaveBalanceQueryHandler.cs(44,25): error CS1061: 'LeaveBalance' does not contain a definition for 'TotalHours' and no accessible extension method 'TotalHours' accepting a first argument of type 'LeaveBalance' could be found (are you missing a using directive or an assembly reference?) [C:\Users\Mustafa.Najim\Desktop\HRManagment_System\HR.Application\HR.Application.csproj]
C:\Users\Mustafa.Najim\Desktop\HRManagment_System\HR.Application\Attendance\ZKPython\Leaves\Queries\GetLeaveBalanceQueryHandler.cs(45,25): error CS1061: 'LeaveBalance' does not contain a definition for 'RemainingHours' and no accessible extension method 'RemainingHours' accepting a first argument of type 'LeaveBalance' could be found (are you missing a using directive or an assembly reference?) [C:\Users\Mustafa.Najim\Desktop\HRManagment_System\HR.Application\HR.Application.csproj]
C:\Users\Mustafa.Najim\Desktop\HRManagment_System\HR.Application\Attendance\ZKPython\Fingerprints\Commands\SyncFingerprintsCommandHandler.cs(135,64): error CS1061: 'IFingerprintRepository' does not contain a definition for 'GetByBiometricIdAndIndexAsync' and no accessible extension method 'GetByBiometricIdAndIndexAsync' accepting a first argument of type 'IFingerprintRepository' could be found (are you missing a using directive or an assembly reference?) [C:\Users\Mustafa.Najim\Desktop\HRManagment_System\HR.Application\HR.Application.csproj]
C:\Users\Mustafa.Najim\Desktop\HRManagment_System\HR.Application\Attendance\ZKPython\Fingerprints\Commands\SyncFingerprintsCommandHandler.cs(157,49): error CS0118: 'HR' is a namespace but is used like a type [C:\Users\Mustafa.Najim\Desktop\HRManagment_System\HR.Application\HR.Application.csproj]
C:\Users\Mustafa.Najim\Desktop\HRManagment_System\HR.Application\Attendance\ZKPython\Fingerprints\Commands\SyncFingerprintsCommandHandler.cs(241,23): error CS0246: The type or namespace name 'ExternalServiceException' could not be found (are you missing a using directive or an assembly reference?) [C:\Users\Mustafa.Najim\Desktop\HRManagment_System\HR.Application\HR.Application.csproj]
C:\Users\Mustafa.Najim\Desktop\HRManagment_System\HR.Application\Attendance\ZKPython\Sections\Queries\GetSectionsQuery.cs(30,15): error CS0103: The name 'CacheKeys' does not exist in the current context [C:\Users\Mustafa.Najim\Desktop\HRManagment_System\HR.Application\HR.Application.csproj]
C:\Users\Mustafa.Najim\Desktop\HRManagment_System\HR.Application\Attendance\ZKPython\Sections\Queries\GetSectionsQuery.cs(31,15): error CS0103: The name 'CacheKeys' does not exist in the current context [C:\Users\Mustafa.Najim\Desktop\HRManagment_System\HR.Application\HR.Application.csproj]
C:\Users\Mustafa.Najim\Desktop\HRManagment_System\HR.Application\Attendance\ZKPython\Sections\Queries\GetSectionsQuery.cs(46,25): error CS0266: Cannot implicitly convert type 'System.DateTime?' to 'System.DateTime'. An explicit conversion exists (are you missing a cast?) [C:\Users\Mustafa.Najim\Desktop\HRManagment_System\HR.Application\HR.Application.csproj]
C:\Users\Mustafa.Najim\Desktop\HRManagment_System\HR.Application\Attendance\ZKPython\Leaves\Commands\ApproveLeaveByHRCommandHandler.cs(35,77): error CS1061: 'LeaveRequest' does not contain a definition for 'ApprovedByManagerId' and no accessible extension method 'ApprovedByManagerId' accepting a first argument of type 'LeaveRequest' could be found (are you missing a using directive or an assembly reference?) [C:\Users\Mustafa.Najim\Desktop\HRManagment_System\HR.Application\HR.Application.csproj]
C:\Users\Mustafa.Najim\Desktop\HRManagment_System\HR.Application\Attendance\ZKPython\Leaves\Commands\ApproveLeaveByHRCommandHandler.cs(43,17): error CS0019: Operator '!=' cannot be applied to operands of type 'string' and 'UserType' [C:\Users\Mustafa.Najim\Desktop\HRManagment_System\HR.Application\HR.Application.csproj]
C:\Users\Mustafa.Najim\Desktop\HRManagment_System\HR.Application\Attendance\ZKPython\Leaves\Commands\ApproveLeaveByHRCommandHandler.cs(43,58): error CS0019: Operator '!=' cannot be applied to operands of type 'string' and 'UserType' [C:\Users\Mustafa.Najim\Desktop\HRManagment_System\HR.Application\HR.Application.csproj]
C:\Users\Mustafa.Najim\Desktop\HRManagment_System\HR.Application\Attendance\ZKPython\Leaves\Commands\ApproveLeaveByHRCommandHandler.cs(48,26): error CS1061: 'LeaveRequest' does not contain a definition for 'ApprovedByHRId' and no accessible extension method 'ApprovedByHRId' accepting a first argument of type 'LeaveRequest' could be found (are you missing a using directive or an assembly reference?) [C:\Users\Mustafa.Najim\Desktop\HRManagment_System\HR.Application\HR.Application.csproj]
C:\Users\Mustafa.Najim\Desktop\HRManagment_System\HR.Application\Attendance\ZKPython\Leaves\Commands\ApproveLeaveByHRCommandHandler.cs(49,26): error CS1061: 'LeaveRequest' does not contain a definition for 'HRComment' and no accessible extension method 'HRComment' accepting a first argument of type 'LeaveRequest' could be found (are you missing a using directive or an assembly reference?) [C:\Users\Mustafa.Najim\Desktop\HRManagment_System\HR.Application\HR.Application.csproj]
C:\Users\Mustafa.Najim\Desktop\HRManagment_System\HR.Application\Attendance\ZKPython\Leaves\Commands\ApproveLeaveByHRCommandHandler.cs(50,26): error CS1061: 'LeaveRequest' does not contain a definition for 'ApprovedByHRAt' and no accessible extension method 'ApprovedByHRAt' accepting a first argument of type 'LeaveRequest' could be found (are you missing a using directive or an assembly reference?) [C:\Users\Mustafa.Najim\Desktop\HRManagment_System\HR.Application\HR.Application.csproj]
C:\Users\Mustafa.Najim\Desktop\HRManagment_System\HR.Application\Attendance\ZKPython\Leaves\Commands\ApproveLeaveByHRCommandHandler.cs(57,30): error CS1061: 'LeaveRequest' does not contain a definition for 'EmployeeId' and no accessible extension method 'EmployeeId' accepting a first argument of type 'LeaveRequest' could be found (are you missing a using directive or an assembly reference?) [C:\Users\Mustafa.Najim\Desktop\HRManagment_System\HR.Application\HR.Application.csproj]
C:\Users\Mustafa.Najim\Desktop\HRManagment_System\HR.Application\Attendance\ZKPython\Sections\Queries\GetSectionByIdQuery.cs(37,25): error CS0266: Cannot implicitly convert type 'System.DateTime?' to 'System.DateTime'. An explicit conversion exists (are you missing a cast?) [C:\Users\Mustafa.Najim\Desktop\HRManagment_System\HR.Application\HR.Application.csproj]
C:\Users\Mustafa.Najim\Desktop\HRManagment_System\HR.Application\Attendance\ZKPython\Fingerprints\Commands\SyncFingerprintsCommandHandler.cs(264,24): error CS0246: The type or namespace name 'ValidationException' could not be found (are you missing a using directive or an assembly reference?) [C:\Users\Mustafa.Najim\Desktop\HRManagment_System\HR.Application\HR.Application.csproj]
C:\Users\Mustafa.Najim\Desktop\HRManagment_System\HR.Application\Attendance\ZKPython\Logs\Commands\ResyncLogsCommandHandler.cs(75,42): error CS0029: Cannot implicitly convert type 'string' to 'int' [C:\Users\Mustafa.Najim\Desktop\HRManagment_System\HR.Application\HR.Application.csproj]
C:\Users\Mustafa.Najim\Desktop\HRManagment_System\HR.Application\Attendance\ZKPython\Logs\Commands\ResyncLogsCommandHandler.cs(76,33): error CS0200: Property or indexer 'AttendanceLog.Name' cannot be assigned to -- it is read only [C:\Users\Mustafa.Najim\Desktop\HRManagment_System\HR.Application\HR.Application.csproj]
C:\Users\Mustafa.Najim\Desktop\HRManagment_System\HR.Application\Attendance\ZKPython\Logs\Commands\ResyncLogsCommandHandler.cs(78,33): error CS0117: 'AttendanceLog' does not contain a definition for 'Card' [C:\Users\Mustafa.Najim\Desktop\HRManagment_System\HR.Application\HR.Application.csproj]
C:\Users\Mustafa.Najim\Desktop\HRManagment_System\HR.Application\Attendance\ZKPython\Logs\Commands\ResyncLogsCommandHandler.cs(79,33): error CS0117: 'AttendanceLog' does not contain a definition for 'Role' [C:\Users\Mustafa.Najim\Desktop\HRManagment_System\HR.Application\HR.Application.csproj]
C:\Users\Mustafa.Najim\Desktop\HRManagment_System\HR.Application\Attendance\ZKPython\Logs\Commands\ResyncLogsCommandHandler.cs(80,33): error CS0117: 'AttendanceLog' does not contain a definition for 'DeviceIP' [C:\Users\Mustafa.Najim\Desktop\HRManagment_System\HR.Application\HR.Application.csproj]
C:\Users\Mustafa.Najim\Desktop\HRManagment_System\HR.Application\Attendance\ZKPython\WorkHours\Queries\GetWorkHoursQueryHandler.cs(114,47): error CS0019: Operator '==' cannot be applied to operands of type 'int' and 'string' [C:\Users\Mustafa.Najim\Desktop\HRManagment_System\HR.Application\HR.Application.csproj]
C:\Users\Mustafa.Najim\Desktop\HRManagment_System\HR.Application\Attendance\ZKPython\WorkHours\Queries\GetWorkHoursQueryHandler.cs(114,79): error CS0019: Operator '==' cannot be applied to operands of type 'int' and 'string' [C:\Users\Mustafa.Najim\Desktop\HRManagment_System\HR.Application\HR.Application.csproj]
C:\Users\Mustafa.Najim\Desktop\HRManagment_System\HR.Application\Attendance\ZKPython\Leaves\Queries\GetEmployeeLeaveRequestsQueryHandler.cs(28,20): error CS1061: 'LeaveRequest' does not contain a definition for 'EmployeeId' and no accessible extension method 'EmployeeId' accepting a first argument of type 'LeaveRequest' could be found (are you missing a using directive or an assembly reference?) [C:\Users\Mustafa.Najim\Desktop\HRManagment_System\HR.Application\HR.Application.csproj]
C:\Users\Mustafa.Najim\Desktop\HRManagment_System\HR.Application\Attendance\ZKPython\Leaves\Queries\GetEmployeeLeaveRequestsQueryHandler.cs(29,20): error CS1061: 'LeaveRequest' does not contain a definition for 'Employee' and no accessible extension method 'Employee' accepting a first argument of type 'LeaveRequest' could be found (are you missing a using directive or an assembly reference?) [C:\Users\Mustafa.Najim\Desktop\HRManagment_System\HR.Application\HR.Application.csproj]
C:\Users\Mustafa.Najim\Desktop\HRManagment_System\HR.Application\Attendance\ZKPython\Leaves\Queries\GetEmployeeLeaveRequestsQueryHandler.cs(30,20): error CS1061: 'LeaveRequest' does not contain a definition for 'Employee' and no accessible extension method 'Employee' accepting a first argument of type 'LeaveRequest' could be found (are you missing a using directive or an assembly reference?) [C:\Users\Mustafa.Najim\Desktop\HRManagment_System\HR.Application\HR.Application.csproj]
C:\Users\Mustafa.Najim\Desktop\HRManagment_System\HR.Application\Attendance\ZKPython\Leaves\Queries\GetEmployeeLeaveRequestsQueryHandler.cs(31,20): error CS1061: 'LeaveRequest' does not contain a definition for 'Employee' and no accessible extension method 'Employee' accepting a first argument of type 'LeaveRequest' could be found (are you missing a using directive or an assembly reference?) [C:\Users\Mustafa.Najim\Desktop\HRManagment_System\HR.Application\HR.Application.csproj]
C:\Users\Mustafa.Najim\Desktop\HRManagment_System\HR.Application\Attendance\ZKPython\Leaves\Queries\GetEmployeeLeaveRequestsQueryHandler.cs(33,20): error CS1061: 'LeaveRequest' does not contain a definition for 'LeaveReason' and no accessible extension method 'LeaveReason' accepting a first argument of type 'LeaveRequest' could be found (are you missing a using directive or an assembly reference?) [C:\Users\Mustafa.Najim\Desktop\HRManagment_System\HR.Application\HR.Application.csproj]
C:\Users\Mustafa.Najim\Desktop\HRManagment_System\HR.Application\Attendance\ZKPython\Leaves\Queries\GetEmployeeLeaveRequestsQueryHandler.cs(34,20): error CS1061: 'LeaveRequest' does not contain a definition for 'AdditionalComment' and no accessible extension method 'AdditionalComment' accepting a first argument of type 'LeaveRequest' could be found (are you missing a using directive or an assembly reference?) [C:\Users\Mustafa.Najim\Desktop\HRManagment_System\HR.Application\HR.Application.csproj]
C:\Users\Mustafa.Najim\Desktop\HRManagment_System\HR.Application\Attendance\ZKPython\Leaves\Queries\GetEmployeeLeaveRequestsQueryHandler.cs(35,20): error CS1061: 'LeaveRequest' does not contain a definition for 'BackupEmployeeId' and no accessible extension method 'BackupEmployeeId' accepting a first argument of type 'LeaveRequest' could be found (are you missing a using directive or an assembly reference?) [C:\Users\Mustafa.Najim\Desktop\HRManagment_System\HR.Application\HR.Application.csproj]
C:\Users\Mustafa.Najim\Desktop\HRManagment_System\HR.Application\Attendance\ZKPython\Leaves\Queries\GetEmployeeLeaveRequestsQueryHandler.cs(36,20): error CS1061: 'LeaveRequest' does not contain a definition for 'BackupEmployee' and no accessible extension method 'BackupEmployee' accepting a first argument of type 'LeaveRequest' could be found (are you missing a using directive or an assembly reference?) [C:\Users\Mustafa.Najim\Desktop\HRManagment_System\HR.Application\HR.Application.csproj]
C:\Users\Mustafa.Najim\Desktop\HRManagment_System\HR.Application\Attendance\ZKPython\Leaves\Queries\GetEmployeeLeaveRequestsQueryHandler.cs(37,20): error CS1061: 'LeaveRequest' does not contain a definition for 'BackupStatus' and no accessible extension method 'BackupStatus' accepting a first argument of type 'LeaveRequest' could be found (are you missing a using directive or an assembly reference?) [C:\Users\Mustafa.Najim\Desktop\HRManagment_System\HR.Application\HR.Application.csproj]
C:\Users\Mustafa.Najim\Desktop\HRManagment_System\HR.Application\Attendance\ZKPython\Leaves\Queries\GetEmployeeLeaveRequestsQueryHandler.cs(38,20): error CS1061: 'LeaveRequest' does not contain a definition for 'BackupComment' and no accessible extension method 'BackupComment' accepting a first argument of type 'LeaveRequest' could be found (are you missing a using directive or an assembly reference?) [C:\Users\Mustafa.Najim\Desktop\HRManagment_System\HR.Application\HR.Application.csproj]
C:\Users\Mustafa.Najim\Desktop\HRManagment_System\HR.Application\Attendance\ZKPython\Leaves\Queries\GetEmployeeLeaveRequestsQueryHandler.cs(39,20): error CS1061: 'LeaveRequest' does not contain a definition for 'BackupRespondedAt' and no accessible extension method 'BackupRespondedAt' accepting a first argument of type 'LeaveRequest' could be found (are you missing a using directive or an assembly reference?) [C:\Users\Mustafa.Najim\Desktop\HRManagment_System\HR.Application\HR.Application.csproj]
C:\Users\Mustafa.Najim\Desktop\HRManagment_System\HR.Application\Attendance\ZKPython\Leaves\Queries\GetEmployeeLeaveRequestsQueryHandler.cs(43,20): error CS1061: 'LeaveRequest' does not contain a definition for 'StartTime' and no accessible extension method 'StartTime' accepting a first argument of type 'LeaveRequest' could be found (are you missing a using directive or an assembly reference?) [C:\Users\Mustafa.Najim\Desktop\HRManagment_System\HR.Application\HR.Application.csproj]
C:\Users\Mustafa.Najim\Desktop\HRManagment_System\HR.Application\Attendance\ZKPython\Leaves\Queries\GetEmployeeLeaveRequestsQueryHandler.cs(44,20): error CS1061: 'LeaveRequest' does not contain a definition for 'EndTime' and no accessible extension method 'EndTime' accepting a first argument of type 'LeaveRequest' could be found (are you missing a using directive or an assembly reference?) [C:\Users\Mustafa.Najim\Desktop\HRManagment_System\HR.Application\HR.Application.csproj]
C:\Users\Mustafa.Najim\Desktop\HRManagment_System\HR.Application\Attendance\ZKPython\Leaves\Queries\GetEmployeeLeaveRequestsQueryHandler.cs(47,20): error CS1061: 'LeaveRequest' does not contain a definition for 'ManagerComment' and no accessible extension method 'ManagerComment' accepting a first argument of type 'LeaveRequest' could be found (are you missing a using directive or an assembly reference?) [C:\Users\Mustafa.Najim\Desktop\HRManagment_System\HR.Application\HR.Application.csproj]
C:\Users\Mustafa.Najim\Desktop\HRManagment_System\HR.Application\Attendance\ZKPython\Leaves\Queries\GetEmployeeLeaveRequestsQueryHandler.cs(48,20): error CS1061: 'LeaveRequest' does not contain a definition for 'HRComment' and no accessible extension method 'HRComment' accepting a first argument of type 'LeaveRequest' could be found (are you missing a using directive or an assembly reference?) [C:\Users\Mustafa.Najim\Desktop\HRManagment_System\HR.Application\HR.Application.csproj]
C:\Users\Mustafa.Najim\Desktop\HRManagment_System\HR.Application\Attendance\ZKPython\Leaves\Queries\GetEmployeeLeaveRequestsQueryHandler.cs(49,20): error CS1061: 'LeaveRequest' does not contain a definition for 'ApprovedByManager' and no accessible extension method 'ApprovedByManager' accepting a first argument of type 'LeaveRequest' could be found (are you missing a using directive or an assembly reference?) [C:\Users\Mustafa.Najim\Desktop\HRManagment_System\HR.Application\HR.Application.csproj]
C:\Users\Mustafa.Najim\Desktop\HRManagment_System\HR.Application\Attendance\ZKPython\Leaves\Queries\GetEmployeeLeaveRequestsQueryHandler.cs(50,20): error CS1061: 'LeaveRequest' does not contain a definition for 'ApprovedByHR' and no accessible extension method 'ApprovedByHR' accepting a first argument of type 'LeaveRequest' could be found (are you missing a using directive or an assembly reference?) [C:\Users\Mustafa.Najim\Desktop\HRManagment_System\HR.Application\HR.Application.csproj]
C:\Users\Mustafa.Najim\Desktop\HRManagment_System\HR.Application\Attendance\ZKPython\Leaves\Queries\GetEmployeeLeaveRequestsQueryHandler.cs(51,20): error CS1061: 'LeaveRequest' does not contain a definition for 'ApprovedByManagerAt' and no accessible extension method 'ApprovedByManagerAt' accepting a first argument of type 'LeaveRequest' could be found (are you missing a using directive or an assembly reference?) [C:\Users\Mustafa.Najim\Desktop\HRManagment_System\HR.Application\HR.Application.csproj]
C:\Users\Mustafa.Najim\Desktop\HRManagment_System\HR.Application\Attendance\ZKPython\Leaves\Queries\GetEmployeeLeaveRequestsQueryHandler.cs(52,20): error CS1061: 'LeaveRequest' does not contain a definition for 'ApprovedByHRAt' and no accessible extension method 'ApprovedByHRAt' accepting a first argument of type 'LeaveRequest' could be found (are you missing a using directive or an assembly reference?) [C:\Users\Mustafa.Najim\Desktop\HRManagment_System\HR.Application\HR.Application.csproj]
C:\Users\Mustafa.Najim\Desktop\HRManagment_System\HR.Application\Attendance\ZKPython\Leaves\Queries\GetEmployeeLeaveRequestsQueryHandler.cs(53,20): error CS1061: 'LeaveRequest' does not contain a definition for 'RejectedBy' and no accessible extension method 'RejectedBy' accepting a first argument of type 'LeaveRequest' could be found (are you missing a using directive or an assembly reference?) [C:\Users\Mustafa.Najim\Desktop\HRManagment_System\HR.Application\HR.Application.csproj]
C:\Users\Mustafa.Najim\Desktop\HRManagment_System\HR.Application\Attendance\ZKPython\Leaves\Queries\GetEmployeeLeaveRequestsQueryHandler.cs(54,20): error CS1061: 'LeaveRequest' does not contain a definition for 'RejectedAt' and no accessible extension method 'RejectedAt' accepting a first argument of type 'LeaveRequest' could be found (are you missing a using directive or an assembly reference?) [C:\Users\Mustafa.Najim\Desktop\HRManagment_System\HR.Application\HR.Application.csproj]
C:\Users\Mustafa.Najim\Desktop\HRManagment_System\HR.Application\Attendance\ZKPython\Leaves\Queries\GetEmployeeLeaveRequestsQueryHandler.cs(32,17): error CS1503: Argument 6: cannot convert from 'string' to 'HR.Domain.Enums.LeaveType' [C:\Users\Mustafa.Najim\Desktop\HRManagment_System\HR.Application\HR.Application.csproj]
C:\Users\Mustafa.Najim\Desktop\HRManagment_System\HR.Application\Attendance\ZKPython\Sections\Commands\UpdateSectionCommand.cs(58,42): error CS0103: The name 'CacheKeys' does not exist in the current context [C:\Users\Mustafa.Najim\Desktop\HRManagment_System\HR.Application\HR.Application.csproj]
C:\Users\Mustafa.Najim\Desktop\HRManagment_System\HR.Application\Attendance\ZKPython\Sections\Commands\UpdateSectionCommand.cs(68,25): error CS0266: Cannot implicitly convert type 'System.DateTime?' to 'System.DateTime'. An explicit conversion exists (are you missing a cast?) [C:\Users\Mustafa.Najim\Desktop\HRManagment_System\HR.Application\HR.Application.csproj]
C:\Users\Mustafa.Najim\Desktop\HRManagment_System\HR.Application\Attendance\ZKPython\Leaves\Commands\ApproveLeaveByManagerCommandHandler.cs(35,76): error CS1061: 'LeaveRequest' does not contain a definition for 'ApprovedByManagerId' and no accessible extension method 'ApprovedByManagerId' accepting a first argument of type 'LeaveRequest' could be found (are you missing a using directive or an assembly reference?) [C:\Users\Mustafa.Najim\Desktop\HRManagment_System\HR.Application\HR.Application.csproj]
C:\Users\Mustafa.Najim\Desktop\HRManagment_System\HR.Application\Attendance\ZKPython\Leaves\Commands\ApproveLeaveByManagerCommandHandler.cs(39,76): error CS1061: 'LeaveRequest' does not contain a definition for 'EmployeeId' and no accessible extension method 'EmployeeId' accepting a first argument of type 'LeaveRequest' could be found (are you missing a using directive or an assembly reference?) [C:\Users\Mustafa.Najim\Desktop\HRManagment_System\HR.Application\HR.Application.csproj]
C:\Users\Mustafa.Najim\Desktop\HRManagment_System\HR.Application\Attendance\ZKPython\Leaves\Commands\ApproveLeaveByManagerCommandHandler.cs(54,26): error CS1061: 'LeaveRequest' does not contain a definition for 'ApprovedByManagerId' and no accessible extension method 'ApprovedByManagerId' accepting a first argument of type 'LeaveRequest' could be found (are you missing a using directive or an assembly reference?) [C:\Users\Mustafa.Najim\Desktop\HRManagment_System\HR.Application\HR.Application.csproj]
C:\Users\Mustafa.Najim\Desktop\HRManagment_System\HR.Application\Attendance\ZKPython\Leaves\Commands\ApproveLeaveByManagerCommandHandler.cs(55,26): error CS1061: 'LeaveRequest' does not contain a definition for 'ManagerComment' and no accessible extension method 'ManagerComment' accepting a first argument of type 'LeaveRequest' could be found (are you missing a using directive or an assembly reference?) [C:\Users\Mustafa.Najim\Desktop\HRManagment_System\HR.Application\HR.Application.csproj]
C:\Users\Mustafa.Najim\Desktop\HRManagment_System\HR.Application\Attendance\ZKPython\Leaves\Commands\ApproveLeaveByManagerCommandHandler.cs(56,26): error CS1061: 'LeaveRequest' does not contain a definition for 'ApprovedByManagerAt' and no accessible extension method 'ApprovedByManagerAt' accepting a first argument of type 'LeaveRequest' could be found (are you missing a using directive or an assembly reference?) [C:\Users\Mustafa.Najim\Desktop\HRManagment_System\HR.Application\HR.Application.csproj]
C:\Users\Mustafa.Najim\Desktop\HRManagment_System\HR.Application\Attendance\ZKPython\Leaves\Commands\ApproveLeaveByManagerCommandHandler.cs(63,30): error CS1061: 'LeaveRequest' does not contain a definition for 'EmployeeId' and no accessible extension method 'EmployeeId' accepting a first argument of type 'LeaveRequest' could be found (are you missing a using directive or an assembly reference?) [C:\Users\Mustafa.Najim\Desktop\HRManagment_System\HR.Application\HR.Application.csproj]
C:\Users\Mustafa.Najim\Desktop\HRManagment_System\HR.Application\Attendance\ZKPython\Sections\Commands\DeleteSectionCommand.cs(37,42): error CS0103: The name 'CacheKeys' does not exist in the current context [C:\Users\Mustafa.Najim\Desktop\HRManagment_System\HR.Application\HR.Application.csproj]
C:\Users\Mustafa.Najim\Desktop\HRManagment_System\HR.Application\Attendance\ZKPython\Sections\Commands\CreateSectionCommand.cs(56,42): error CS0103: The name 'CacheKeys' does not exist in the current context [C:\Users\Mustafa.Najim\Desktop\HRManagment_System\HR.Application\HR.Application.csproj]
C:\Users\Mustafa.Najim\Desktop\HRManagment_System\HR.Application\Attendance\ZKPython\Sections\Commands\CreateSectionCommand.cs(66,25): error CS0266: Cannot implicitly convert type 'System.DateTime?' to 'System.DateTime'. An explicit conversion exists (are you missing a cast?) [C:\Users\Mustafa.Najim\Desktop\HRManagment_System\HR.Application\HR.Application.csproj]
C:\Users\Mustafa.Najim\Desktop\HRManagment_System\HR.Application\Attendance\ZKPython\Users\Commands\SyncUsersCommandHandler.cs(96,66): error CS1061: 'IUserRepository' does not contain a definition for 'GetByBiometricIdGlobalAsync' and no accessible extension method 'GetByBiometricIdGlobalAsync' accepting a first argument of type 'IUserRepository' could be found (are you missing a using directive or an assembly reference?) [C:\Users\Mustafa.Najim\Desktop\HRManagment_System\HR.Application\HR.Application.csproj]
C:\Users\Mustafa.Najim\Desktop\HRManagment_System\HR.Application\Attendance\ZKPython\Users\Commands\SyncUsersCommandHandler.cs(126,40): error CS0029: Cannot implicitly convert type 'HR.Domain.Enums.UserType' to 'string' [C:\Users\Mustafa.Najim\Desktop\HRManagment_System\HR.Application\HR.Application.csproj]
C:\Users\Mustafa.Najim\Desktop\HRManagment_System\HR.Application\Attendance\ZKPython\Reports\Queries\GetWeeklyLateQuery.cs(70,30): error CS0029: Cannot implicitly convert type 'int' to 'string' [C:\Users\Mustafa.Najim\Desktop\HRManagment_System\HR.Application\HR.Application.csproj]
C:\Users\Mustafa.Najim\Desktop\HRManagment_System\HR.Application\Attendance\ZKPython\Users\Commands\AddUserCommandHandler.cs(96,31): error CS0029: Cannot implicitly convert type 'HR.Domain.ValueObjects.PhoneNumber' to 'string' [C:\Users\Mustafa.Najim\Desktop\HRManagment_System\HR.Application\HR.Application.csproj]
C:\Users\Mustafa.Najim\Desktop\HRManagment_System\HR.Application\Attendance\ZKPython\Users\Commands\AddUserCommandHandler.cs(101,24): error CS0029: Cannot implicitly convert type 'HR.Domain.Enums.UserType' to 'string' [C:\Users\Mustafa.Najim\Desktop\HRManagment_System\HR.Application\HR.Application.csproj]
C:\Users\Mustafa.Najim\Desktop\HRManagment_System\HR.Application\Attendance\ZKPython\Users\Commands\AddUserCommandHandler.cs(102,26): error CS0029: Cannot implicitly convert type 'HR.Domain.Enums.Gender?' to 'string' [C:\Users\Mustafa.Najim\Desktop\HRManagment_System\HR.Application\HR.Application.csproj]
C:\Users\Mustafa.Najim\Desktop\HRManagment_System\HR.Application\Attendance\ZKPython\Users\Commands\AddUserCommandHandler.cs(103,29): error CS0029: Cannot implicitly convert type 'HR.Domain.Enums.ShiftType?' to 'string' [C:\Users\Mustafa.Najim\Desktop\HRManagment_System\HR.Application\HR.Application.csproj]
C:\Users\Mustafa.Najim\Desktop\HRManagment_System\HR.Application\Attendance\ZKPython\Users\Commands\AddUserCommandHandler.cs(104,33): error CS0029: Cannot implicitly convert type 'HR.Domain.Enums.AccountStatus' to 'string' [C:\Users\Mustafa.Najim\Desktop\HRManagment_System\HR.Application\HR.Application.csproj]
C:\Users\Mustafa.Najim\Desktop\HRManagment_System\HR.Application\Reports\Queries\GetAttendanceReportQuery.cs(99,28): error CS1061: 'UserInfo' does not contain a definition for 'LegacyUserId' and no accessible extension method 'LegacyUserId' accepting a first argument of type 'UserInfo' could be found (are you missing a using directive or an assembly reference?) [C:\Users\Mustafa.Najim\Desktop\HRManagment_System\HR.Application\HR.Application.csproj]
C:\Users\Mustafa.Najim\Desktop\HRManagment_System\HR.Application\Reports\Queries\GetAttendanceReportQuery.cs(112,37): error CS1061: 'UserInfo' does not contain a definition for 'LegacyUserId' and no accessible extension method 'LegacyUserId' accepting a first argument of type 'UserInfo' could be found (are you missing a using directive or an assembly reference?) [C:\Users\Mustafa.Najim\Desktop\HRManagment_System\HR.Application\HR.Application.csproj]
C:\Users\Mustafa.Najim\Desktop\HRManagment_System\HR.Application\Attendance\ZKPython\Users\Commands\DeleteUserCommandHandler.cs(42,46): error CS1061: 'IUserRepository' does not contain a definition for 'GetByBiometricIdGlobalAsync' and no accessible extension method 'GetByBiometricIdGlobalAsync' accepting a first argument of type 'IUserRepository' could be found (are you missing a using directive or an assembly reference?) [C:\Users\Mustafa.Najim\Desktop\HRManagment_System\HR.Application\HR.Application.csproj]
C:\Users\Mustafa.Najim\Desktop\HRManagment_System\HR.Application\Attendance\ZKPython\Users\Commands\EditUserCommandHandler.cs(63,46): error CS1061: 'IUserRepository' does not contain a definition for 'GetByBiometricIdGlobalAsync' and no accessible extension method 'GetByBiometricIdGlobalAsync' accepting a first argument of type 'IUserRepository' could be found (are you missing a using directive or an assembly reference?) [C:\Users\Mustafa.Najim\Desktop\HRManagment_System\HR.Application\HR.Application.csproj]
C:\Users\Mustafa.Najim\Desktop\HRManagment_System\HR.Application\Attendance\ZKPython\Users\Commands\EditUserCommandHandler.cs(127,24): error CS0019: Operator '??' cannot be applied to operands of type 'UserType?' and 'string' [C:\Users\Mustafa.Najim\Desktop\HRManagment_System\HR.Application\HR.Application.csproj]
C:\Users\Mustafa.Najim\Desktop\HRManagment_System\HR.Application\Attendance\ZKPython\Users\Commands\EditUserCommandHandler.cs(137,32): error CS0029: Cannot implicitly convert type 'HR.Domain.ValueObjects.PhoneNumber' to 'string' [C:\Users\Mustafa.Najim\Desktop\HRManagment_System\HR.Application\HR.Application.csproj]
C:\Users\Mustafa.Najim\Desktop\HRManagment_System\HR.Application\Attendance\ZKPython\Users\Commands\EditUserCommandHandler.cs(140,25): error CS0019: Operator '??' cannot be applied to operands of type 'UserType?' and 'string' [C:\Users\Mustafa.Najim\Desktop\HRManagment_System\HR.Application\HR.Application.csproj]
C:\Users\Mustafa.Najim\Desktop\HRManagment_System\HR.Application\Attendance\ZKPython\Users\Commands\EditUserCommandHandler.cs(141,27): error CS0019: Operator '??' cannot be applied to operands of type 'Gender?' and 'string' [C:\Users\Mustafa.Najim\Desktop\HRManagment_System\HR.Application\HR.Application.csproj]
C:\Users\Mustafa.Najim\Desktop\HRManagment_System\HR.Application\Attendance\ZKPython\Users\Commands\EditUserCommandHandler.cs(142,30): error CS0019: Operator '??' cannot be applied to operands of type 'ShiftType?' and 'string' [C:\Users\Mustafa.Najim\Desktop\HRManagment_System\HR.Application\HR.Application.csproj]
C:\Users\Mustafa.Najim\Desktop\HRManagment_System\HR.Application\Attendance\ZKPython\Users\Commands\EditUserCommandHandler.cs(143,34): error CS0019: Operator '??' cannot be applied to operands of type 'AccountStatus?' and 'string' [C:\Users\Mustafa.Najim\Desktop\HRManagment_System\HR.Application\HR.Application.csproj]
C:\Users\Mustafa.Najim\Desktop\HRManagment_System\HR.Application\Attendance\ZKPython\Users\Queries\GetEmployeeStatsQuery.cs(77,37): error CS0019: Operator '==' cannot be applied to operands of type 'int' and 'string' [C:\Users\Mustafa.Najim\Desktop\HRManagment_System\HR.Application\HR.Application.csproj]
C:\Users\Mustafa.Najim\Desktop\HRManagment_System\HR.Application\Attendance\ZKPython\Users\Queries\GetEmployeeStatsQuery.cs(78,13): error CS0019: Operator '==' cannot be applied to operands of type 'int' and 'string' [C:\Users\Mustafa.Najim\Desktop\HRManagment_System\HR.Application\HR.Application.csproj]
C:\Users\Mustafa.Najim\Desktop\HRManagment_System\HR.Application\Attendance\ZKPython\Users\Queries\GetEmployeeStatsQuery.cs(194,17): error CS0019: Operator '==' cannot be applied to operands of type 'string' and 'LeaveType' [C:\Users\Mustafa.Najim\Desktop\HRManagment_System\HR.Application\HR.Application.csproj]
C:\Users\Mustafa.Najim\Desktop\HRManagment_System\HR.Application\Attendance\ZKPython\Users\Queries\GetEmployeeStatsQuery.cs(194,62): error CS1061: 'LeaveRequest' does not contain a definition for 'StartTime' and no accessible extension method 'StartTime' accepting a first argument of type 'LeaveRequest' could be found (are you missing a using directive or an assembly reference?) [C:\Users\Mustafa.Najim\Desktop\HRManagment_System\HR.Application\HR.Application.csproj]
C:\Users\Mustafa.Najim\Desktop\HRManagment_System\HR.Application\Attendance\ZKPython\Users\Queries\GetEmployeeStatsQuery.cs(194,90): error CS1061: 'LeaveRequest' does not contain a definition for 'EndTime' and no accessible extension method 'EndTime' accepting a first argument of type 'LeaveRequest' could be found (are you missing a using directive or an assembly reference?) [C:\Users\Mustafa.Najim\Desktop\HRManagment_System\HR.Application\HR.Application.csproj]
C:\Users\Mustafa.Najim\Desktop\HRManagment_System\HR.Application\Attendance\ZKPython\Users\Queries\GetEmployeeStatsQuery.cs(196,44): error CS1061: 'LeaveRequest' does not contain a definition for 'EndTime' and no accessible extension method 'EndTime' accepting a first argument of type 'LeaveRequest' could be found (are you missing a using directive or an assembly reference?) [C:\Users\Mustafa.Najim\Desktop\HRManagment_System\HR.Application\HR.Application.csproj]
C:\Users\Mustafa.Najim\Desktop\HRManagment_System\HR.Application\Attendance\ZKPython\Users\Queries\GetEmployeeStatsQuery.cs(196,66): error CS1061: 'LeaveRequest' does not contain a definition for 'StartTime' and no accessible extension method 'StartTime' accepting a first argument of type 'LeaveRequest' could be found (are you missing a using directive or an assembly reference?) [C:\Users\Mustafa.Najim\Desktop\HRManagment_System\HR.Application\HR.Application.csproj]
C:\Users\Mustafa.Najim\Desktop\HRManagment_System\HR.Application\Attendance\ZKPython\Users\Queries\GetEmployeeStatsQuery.cs(199,23): error CS0019: Operator '==' cannot be applied to operands of type 'string' and 'LeaveType' [C:\Users\Mustafa.Najim\Desktop\HRManagment_System\HR.Application\HR.Application.csproj]
C:\Users\Mustafa.Najim\Desktop\HRManagment_System\HR.Application\Attendance\ZKPython\Users\Queries\GetEmployeeStatsQuery.cs(199,61): error CS0019: Operator '==' cannot be applied to operands of type 'string' and 'LeaveType' [C:\Users\Mustafa.Najim\Desktop\HRManagment_System\HR.Application\HR.Application.csproj]
C:\Users\Mustafa.Najim\Desktop\HRManagment_System\HR.Application\Attendance\ZKPython\Users\Queries\GetEmployeeStatsQuery.cs(208,25): error CS0019: Operator '==' cannot be applied to operands of type 'string' and 'LeaveType' [C:\Users\Mustafa.Najim\Desktop\HRManagment_System\HR.Application\HR.Application.csproj]

Build FAILED.
    173 Warning(s)
    207 Error(s)

Time Elapsed 00:00:06.12
